Connected to Dynamips VM "AVF2" (ID 3, type c3600) - Console port
Press ENTER to get the prompt.              PDOWN: Interface FastEthernet1/15, changed state to up
*Mar  1 00:00:11.567: %LINK-3-UPDOWN: Interface FastEthernet1/15, changed state ^to up

% Invalid input detected at '^' marker.

AVF2(config)#$PDOWN: Interface FastEthernet1/14, changed state to up
*Mar  1 00:00:11.567: %LINK-3-UPDOWN: Interface FastEthernet1/14, changed state ^to up

% Invalid input detected at '^' marker.

AVF2(config)#$PDOWN: Interface FastEthernet1/13, changed state to up
*Mar  1 00:00:11.571: %LINK-3-UPDOWN: Interface FastEthernet1/13, changed state ^to up

% Invalid input detected at '^' marker.

AVF2(config)#$PDOWN: Interface FastEthernet1/12, changed state to up
*Mar  1 00:00:11.571: %LINK-3-UPDOWN: Interface FastEthernet1/12, changed state ^to up

% Invalid input detected at '^' marker.

AVF2(config)#$PDOWN: Interface FastEthernet1/11, changed state to up
*Mar  1 00:00:11.571: %LINK-3-UPDOWN: Interface FastEthernet1/11, changed state ^to up

% Invalid input detected at '^' marker.

AVF2(config)#$PDOWN: Interface FastEthernet1/10, changed state to up
*Mar  1 00:00:11.571: %LINK-3-UPDOWN: Interface FastEthernet1/10, changed state ^to up

% Invalid input detected at '^' marker.

AVF2(config)#*Mar  1 00:00:11.571: %LINK-3-UPDOWN: Interface Fa
             ^
% Invalid input detected at '^' marker.

AVF2(config)#
AVF2(config)#
AVF2(config)#
AVF2(config)#
AVF2(config)#
AVF2(config)#
AVF2(config)#
AVF2(config)#
AVF2(config)#
AVF2(config)#
AVF2(config)#
AVF2(config)#
AVF2(config)#
AVF2(config)#
AVF2(config)#
AVF2(config)#
AVF2(config)#
AVF2(config)#
AVF2(config)#
AVF2(config)#
AVF2(config)#
AVF2(config)#E{M'}T
AVF2#p}
AVF2#
*Mar  1 05:29:10.086: %SYS-5-CONFIG_I: Configured from console by console
AVF2#
AVF2#EN
AVF2# config
Configuring from terminal, memory, or network [terminal]?
Enter configuration commands, one per line.  End with CNTL/Z.
AVF2(config)#enable secret class
AVF2(config)#line con 0
AVF2(config-line)#logging syn
AVF2(config-line)#logging synchronous
AVF2(config-line)#line vty 0 4
AVF2(config-line)#password cisco
AVF2(config-line)#login
AVF2(config-line)#ex
% Ambiguous command:  "ex"
AVF2(config-line)#
AVF2(config-line)#exit
AVF2(config)#
AVF2(config)#interf
AVF2(config)#interface f1/0
AVF2(config-if)#no shut
AVF2(config-if)#
AVF2(config-if)#ex
AVF2(config)#inter
AVF2(config)#interface f1/0
AVF2(config-if)#ex
AVF2(config)#interface f1/0.10
AVF2(config-subif)#desc
AVF2(config-subif)#description Office vlan 10
AVF2(config-subif)#en
AVF2(config-subif)#encapsulation do
AVF2(config-subif)#encapsulation dot1Q 10
AVF2(config-subif)#ip sdd
AVF2(config-subif)#ip add
AVF2(config-subif)#ip address 10.1.10.1 255.255.255.0
AVF2(config-subif)#ex
AVF2(config)#interface f1/0.20
AVF2(config-subif)#ip address 10.1.20.1 255.255.255.0

% Configuring IP routing on a LAN subinterface is only allowed if that
subinterface is already configured as part of an IEEE 802.10, IEEE 802.1Q,
or ISL vLAN.

AVF2(config-subif)#description Office vlan 20
AVF2(config-subif)#encapsulation dot1Q 20
AVF2(config-subif)#ip address 10.1.20.1 255.255.255.0
AVF2(config-subif)#ex
AVF2(config)#
AVF2(config)#interfa
AVF2(config)#interface f1/0.99
AVF2(config-subif)#des
AVF2(config-subif)#description management vlan 99
AVF2(config-subif)#enc
AVF2(config-subif)#encapsulation do
AVF2(config-subif)#encapsulation dot1Q 99
AVF2(config-subif)#ip add
AVF2(config-subif)#ip address 10.1.99.1 255.255.255.0
AVF2(config-subif)#do wr
Building configuration...
[OK]
AVF2(config-subif)#
AVF2(config-subif)#
AVF2(config-subif)#
AVF2(config-subif)#
AVF2(config-subif)#Show ip interface brief
                     ^
% Invalid input detected at '^' marker.

AVF2(config-subif)#  show ip interface brief
                       ^
% Invalid input detected at '^' marker.

AVF2(config-subif)#  show inte
AVF2(config-subif)#  show interface brief
                       ^
% Invalid input detected at '^' marker.

AVF2(config-subif)#
AVF2(config-subif)#
AVF2(config-subif)#
AVF2(config-subif)#
AVF2(config-subif)#do wr
Building configuration...
[OK]
AVF2(config-subif)#
AVF2(config-subif)#
AVF2(config-subif)#
AVF2(config-subif)#
AVF2(config-subif)#end
AVF2#
AVF2#
*Mar  1 05:42:58.978: %SYS-5-CONFIG_I: Configured from console by console
AVF2#ENA
AVF2#
AVF2#
AVF2#ENd
Translating "ENd"

Translating "ENd"
% Unknown command or computer name, or unable to find computer address
AVF2#end
Translating "end"

Translating "end"
% Unknown command or computer name, or unable to find computer address
AVF2#
AVF2#shoe ip interface brief\
        ^
% Invalid input detected at '^' marker.

AVF2#
AVF2#shoe ip interface brief
        ^
% Invalid input detected at '^' marker.

AVF2#show ip interface brief
Interface                  IP-Address      OK? Method Status                Protocol
FastEthernet0/0            unassigned      YES unset  administratively down down
FastEthernet1/0            unassigned      YES unset  up                    up  
FastEthernet1/0.10         10.1.10.1       YES manual up                    up  
FastEthernet1/0.20         10.1.20.1       YES manual up                    up  
FastEthernet1/0.99         10.1.99.1       YES manual up                    up  
Ethernet2/0                unassigned      YES unset  administratively down down
Ethernet2/1                unassigned      YES unset  administratively down down
Ethernet2/2                unassigned      YES unset  administratively down down
Ethernet2/3                unassigned      YES unset  administratively down down
Serial3/0                  unassigned      YES unset  administratively down down
Serial3/1                  unassigned      YES unset  administratively down down
Serial3/2                  unassigned      YES unset  administratively down down
Serial3/3                  unassigned      YES unset  administratively down down
AVF2# config
Configuring from terminal, memory, or network [terminal]?
Enter configuration commands, one per line.  End with CNTL/Z.
AVF2(config)#inter
AVF2(config)#interface s3/0
AVF2(config-if)#IP ADD
AVF2(config-if)#IP ADDress 10.1.1.1 252.255.255.252
Bad mask 0xFCFFFFFC for address 10.1.1.1
AVF2(config-if)#IP ADDress 10.1.1.1 252.255.255.0
Bad mask 0xFCFFFF00 for address 10.1.1.1
AVF2(config-if)#IP ADDress 10.1.1.1 252.255.255.252
Bad mask 0xFCFFFFFC for address 10.1.1.1
AVF2(config-if)#NO SHUT
AVF2(config-if)#
*Mar  1 05:48:21.406: %LINK-3-UPDOWN: Interface Serial3/0, changed state to up
AVF2(config-if)#
*Mar  1 05:48:22.410: %LINEPROTO-5-UPDOWN: Line protocol on Interface Serial3/0, changed state to up
AVF2(config-if)#IP ADDress 10.1.1.1 252.255.255.252
*Mar  1 05:48:44.574: %LINEPROTO-5-UPDOWN: Line protocol on Interface Serial3/0, changed state to down
AVF2(config-if)#no IP ADDress 10.1.1.1 252.255.255.252
Bad mask 0xFCFFFFFC for address 10.1.1.1
AVF2(config-if)#ip add
AVF2(config-if)#ip address 10.1.1.1 255.255.255.252
AVF2(config-if)#no shut
AVF2(config-if)#exit
AVF2(config)#router eigrp 1
AVF2(config-router)#network 10.0.0.0
AVF2(config-router)#do wr
Building configuration...
[OK]
AVF2(config-router)#
AVF2(config-router)#
AVF2(config-router)#
AVF2(config-router)#
AVF2(config-router)#
AVF2(config-router)#end
AVF2#
AVF2#
*Mar  1 05:50:24.134: %SYS-5-CONFIG_I: Configured from console by console
AVF2#
AVF2#show ip eigrp neighbors
IP-EIGRP neighbors for process 1
AVF2#
AVF2#
AVF2#
AVF2#show ip eigrp neighbor
IP-EIGRP neighbors for process 1
AVF2#Sh ip eigrp neighbor
IP-EIGRP neighbors for process 1
AVF2#
AVF2#Sh ip eigrp neighbor
IP-EIGRP neighbors for process 1
AVF2#
AVF2#Sh ip eigrp neighbor
IP-EIGRP neighbors for process 1
AVF2#
AVF2#
AVF2#
AVF2#
AVF2#CONFIG
Configuring from terminal, memory, or network [terminal]?
Enter configuration commands, one per line.  End with CNTL/Z.
AVF2(config)#inter
AVF2(config)#interface  f1/0.10
AVF2(config-subif)#glbp 10 ip 10.1.10.254
AVF2(config-subif)#glbp 10 priority 150
AVF2(config-subif)#
*Mar  1 05:56:16.266: %GLBP-6-STATECHANGE: FastEthernet1/0.10 Grp 10 state Standby -> Active
AVF2(config-subif)#glbp
*Mar  1 05:56:26.266: %GLBP-6-FWDSTATECHANGE: FastEthernet1/0.10 Grp 10 Fwd 1 state Listen -> Active
AVF2(config-subif)#glbp 10 preempt
AVF2(config-subif)#
AVF2(config-subif)#ex
AVF2(config)#
AVF2(config)#interface  f1/0.20
AVF2(config-subif)#glbp 10 ip 20.1.10.254
% Must use unique GLBP group number for each logical interface
   that is a member of the same physical interface.
AVF2(config-subif)#glbp 20 ip 20.1.10.254
% warning: address is not within a subnet on this interface
AVF2(config-subif)#glbp 20 ip 210.1.20.254
% warning: address is not within a subnet on this interface
AVF2(config-subif)#ex
AVF2(config)#interface  f1/0.20
AVF2(config-subif)#glbp 20 ip 10.1.20.254
AVF2(config-subif)#glbp 10 ip 20.1.10.254
*Mar  1 05:59:08.098: %GLBP-6-STATECHANGE: FastEthernet1/0.20 Grp 20 state Standby -> Active
AVF2(config-subif)#glbp 10 ip 20.1.10.254
*Mar  1 05:59:18.098: %GLBP-6-FWDSTATECHANGE: FastEthernet1/0.20 Grp 20 Fwd 1 state Listen -> Active
AVF2(config-subif)#glbp 20 priority 150
AVF2(config-subif)#glbp 20 ip 210.1.20.254
% warning: address is not within a subnet on this interface
AVF2(config-subif)#
*Mar  1 05:59:49.858: %GLBP-6-FWDSTATECHANGE: FastEthernet1/0.20 Grp 20 Fwd 1 state Active -> Init
*Mar  1 05:59:49.866: %GLBP-6-STATECHANGE: FastEthernet1/0.20 Grp 20 state Active -> Disabled
AVF2(config-subif)#glbp 20 ip 10.1.20.254
AVF2(config-subif)#glbp 20 priority 150
AVF2(config-subif)#
*Mar  1 06:00:11.850: %GLBP-6-FWDSTATECHANGE: FastEthernet1/0.20 Grp 20 Fwd 1 state Listen -> Active
AVF2(config-subif)#glbp 20 p
*Mar  1 06:00:21.850: %GLBP-6-STATECHANGE: FastEthernet1/0.20 Grp 20 state Standby -> Active
AVF2(config-subif)#glbp 20 preempt
AVF2(config-subif)#ex
AVF2(config)#inter
AVF2(config)#interface f1/0
AVF2(config-if)#ex
AVF2(config)#interface f1/0.99
AVF2(config-subif)#glbp 99 ip 10.1.99.254
AVF2(config-subif)#glbp 99 priority 150
AVF2(config-subif)#glbp 99
*Mar  1 06:02:05.798: %GLBP-6-STATECHANGE: FastEthernet1/0.99 Grp 99 state Standby -> Active
AVF2(config-subif)#glbp 99 preempt
AVF2(config-subif)#
*Mar  1 06:02:15.798: %GLBP-6-FWDSTATECHANGE: FastEthernet1/0.99 Grp 99 Fwd 1 state Listen -> Active
AVF2(config-subif)#
AVF2(config-subif)#do wr
Building configuration...
[OK]
AVF2(config-subif)#
AVF2(config-subif)#
AVF2(config-subif)#
AVF2(config-subif)#
AVF2(config-subif)#end
AVF2#
*Mar  1 06:02:36.026: %SYS-5-CONFIG_I: Configured from console by console
AVF2#
AVF2#
AVF2#
AVF2#
AVF2#sho int f1/0 | i bia
  Hardware is AmdFE, address is cc03.27b0.0010 (bia cc03.27b0.0010)
AVF2#sho int fe1/0 | i bia
              ^
% Invalid input detected at '^' marker.

AVF2#sho int e1/0 | i bia
              ^
% Invalid input detected at '^' marker.

AVF2#sho int e0/1 | i bia
              ^
% Invalid input detected at '^' marker.

AVF2#
