
DLS1# tcl reset.tcl
% Ambiguous command:  " tcl reset.tcl"
DLS1#
DLS1# tclsh reset.tcl
couldn't read file "reset.tcl": No such file or directory

DLS1#
DLS1#en
DLS1#copy BASE.CFG running-config
Destination filename [running-config]?
%Error opening unix:BASE.CFG (No such file or directory)
DLS1#configure termina
Enter configuration commands, one per line.  End with CNTL/Z.
DLS1(config)#interface vlan 99
DLS1(config-if)#ip address 10.1.99.3 255.255.255.0
DLS1(config-if)#no shutdown
DLS1(config-if)#
DLS1(config-if)#enable secret classs
DLS1(config)#enable secret class
DLS1(config)#line vty 0
% Bad line number - Can't create VTYs
DLS1(config)#line vty 0 15
                         ^
% Invalid input detected at '^' marker.

DLS1(config)# line vty 0
% Bad line number - Can't create VTYs
DLS1(config)# line vty 0 4
% Bad line number - Can't create VTYs
DLS1(config)#line vty 0 4
% Bad line number - Can't create VTYs
DLS1(config)#line vty 0 15
                         ^
% Invalid input detected at '^' marker.

DLS1(config)#line vty 0 5
                        ^
% Invalid input detected at '^' marker.

DLS1(config)#interface range fastethernet 0/1-3
                             ^
% Invalid input detected at '^' marker.

DLS1(config)#interface range fastethernet 0/1-2
                             ^
% Invalid input detected at '^' marker.

DLS1(config)#interface range fastEthernet 0/1-2
                             ^
% Invalid input detected at '^' marker.

DLS1(config)#interface range fa 0/1-2
                             ^
% Invalid input detected at '^' marker.

DLS1(config)#interface range fa0/1-2
                             ^
% Invalid input detected at '^' marker.

DLS1(config)#interface fa0/1
                        ^
% Invalid input detected at '^' marker.

DLS1(config)#int fa0/1
                  ^
% Invalid input detected at '^' marker.

DLS1(config)#
DLS1(config)#interface range e0/1-2
DLS1(config-if-range)#interface range e0/1,e0/2,e3/3
DLS1(config-if-range)#switchpo
DLS1(config-if-range)#switchport trunk en
DLS1(config-if-range)#switchport trunk encapsulation dot1q
DLS1(config-if-range)#swit
DLS1(config-if-range)#switchport mo
DLS1(config-if-range)#switchport mode tr
DLS1(config-if-range)#switchport mode trunk
DLS1(config-if-range)#
*Nov 11 18:49:27.123: %LINEPROTO-5-UPDOWN: Line protocol on Interface Ethernet3/3, changed state to down
DLS1(config-if-range)#ch
DLS1(config-if-range)#channel-
*Nov 11 18:49:30.277: %LINEPROTO-5-UPDOWN: Line protocol on Interface Ethernet3/3, changed state to up
DLS1(config-if-range)#channel-g
DLS1(config-if-range)#channel-group 1 mode
DLS1(config-if-range)#channel-group 1 mode acti
DLS1(config-if-range)#channel-group 1 mode active
Creating a port-channel interface Port-channel 1

DLS1(config-if-range)#
*Nov 11 18:49:49.845: %LINEPROTO-5-UPDOWN: Line protocol on Interface Ethernet0/1, changed state to down
*Nov 11 18:49:49.846: %LINEPROTO-5-UPDOWN: Line protocol on Interface Ethernet0/2, changed state to down
*Nov 11 18:49:49.846: %LINEPROTO-5-UPDOWN: Line protocol on Interface Ethernet3/3, changed state to down
DLS1(config-if-range)#n
*Nov 11 18:49:51.132: %LINEPROTO-5-UPDOWN: Line protocol on Interface Ethernet0/1, changed state to up
DLS1(config-if-range)#no
*Nov 11 18:49:54.391: %LINEPROTO-5-UPDOWN: Line protocol on Interface Ethernet0/2, changed state to up
DLS1(config-if-range)#no
*Nov 11 18:49:56.932: %EC-5-L3DONTBNDL2: Et3/3 suspended: LACP currently not enabled on the remote port.
*Nov 11 18:49:57.338: %EC-5-L3DONTBNDL2: Et0/1 suspended: LACP currently not enabled on the remote port.
*Nov 11 18:49:57.607: %EC-5-L3DONTBNDL2: Et0/2 suspended: LACP currently not enabled on the remote port.
DLS1(config-if-range)#no shutd
DLS1(config-if-range)#no shutdown
DLS1(config-if-range)#exi
DLS1(config)#vty domain GLBP
               ^
% Invalid input detected at '^' marker.

DLS1(config)#vty domain GLBP
               ^
% Invalid input detected at '^' marker.

DLS1(config)# vty domain GLBP
                ^
% Invalid input detected at '^' marker.

DLS1(config)# vtp domain GLBP
Changing VTP domain name from NULL to GLBP
DLS1(config)#vtp version 2
DLS1(config)#vtp mode server
Device mode already VTP Server for VLANS.
DLS1(config)#vlan 99
DLS1(config-vlan)# name Management
DLS1(config-vlan)# vlan 10
DLS1(config-vlan)#name Office
DLS1(config-vlan)#vlan 20
DLS1(config-vlan)#name Server
DLS1(config-vlan)#exit
DLS1(config)#interface e3/3
DLS1(config-if)#sw
DLS1(config-if)#switchport acc
DLS1(config-if)#switchport access vlan 10
DLS1(config-if)#sw
DLS1(config-if)#switchport host
switchport mode will be set to access
spanning-tree portfast will be enabled
channel group will be disabled

DLS1(config-if)#
*Nov 11 19:00:46.474: %EC-5-L3DONTBNDL2: Et3/3 suspended: LACP currently not enabled on the remote port.
*Nov 11 19:00:46.601: %EC-5-L3DONTBNDL2: Et0/1 suspended: LACP currently not enabled on the remote port.
*Nov 11 19:00:47.039: %EC-5-L3DONTBNDL2: Et0/2 suspended: LACP currently not enabled on the remote port.
*Nov 11 19:00:47.173: %EC-5-CANNOT_BUNDLE2: Et3/3 is not compatible with Et0/1 and will be suspended (dtp mode of Et3/3 is off, Et0/1 is on)
DLS1(config-if)#
*Nov 11 19:00:48.201: %LINEPROTO-5-UPDOWN: Line protocol on Interface Ethernet3/3, changed state to up
DLS1(config-if)#
*Nov 11 19:00:55.143: %EC-5-L3DONTBNDL2: Et0/1 suspended: LACP currently not enabled on the remote port.
*Nov 11 19:00:55.583: %EC-5-L3DONTBNDL2: Et0/2 suspended: LACP currently not enabled on the remote port.
DLS1(config-if)#no shutdown
DLS1(config-if)#interface e0/0
DLS1(config-if)#sw
DLS1(config-if)#switchport trun
DLS1(config-if)#switchport trunk en
DLS1(config-if)#switchport trunk encapsulation do
DLS1(config-if)#switchport trunk encapsulation dot1q
DLS1(config-if)#sw
DLS1(config-if)#switchport m
DLS1(config-if)#switchport mode tr
DLS1(config-if)#switchport mode trunk
DLS1(config-if)#no
*Nov 11 19:02:33.961: %LINEPROTO-5-UPDOWN: Line protocol on Interface Ethernet0/0, changed state to down
DLS1(config-if)#no sh
*Nov 11 19:02:36.966: %LINEPROTO-5-UPDOWN: Line protocol on Interface Ethernet0/0, changed state to up
DLS1(config-if)#no shutdown
DLS1(config-if)#
*Nov 11 19:03:07.961: %LINK-3-UPDOWN: Interface Vlan99, changed state to up
*Nov 11 19:03:08.968: %LINEPROTO-5-UPDOWN: Line protocol on Interface Vlan99, changed state to up
DLS1(config-if)#end
DLS1#
*Nov 11 19:40:38.579: %SYS-5-CONFIG_I: Configured from console by console
DLS1#
*Nov 11 20:17:53.393: %LINEPROTO-5-UPDOWN: Line protocol on Interface Port-channel1, changed state to up
DLS1#
*Nov 11 20:28:06.008: %SW_VLAN-4-VTP_USER_NOTIFICATION: VTP protocol user notification: Version 1 device detected on Po1 after grace period has ended

DLS1#
*Nov 11 21:31:43.159: %CDP-4-DUPLEX_MISMATCH: duplex mismatch discovered on Ethernet0/0 (not full duplex), with R1 FastEthernet0/0 (full duplex).
DLS1#
*Nov 11 21:31:49.917: %CDP-4-DUPLEX_MISMATCH: duplex mismatch discovered on Ethernet0/0 (not full duplex), with R1 FastEthernet0/0 (full duplex).
*Nov 11 21:31:50.911: %CDP-4-DUPLEX_MISMATCH: duplex mismatch discovered on Ethernet0/0 (not full duplex), with R1 FastEthernet0/0 (full duplex).
DLS1#
*Nov 11 21:32:29.923: %CDP-4-DUPLEX_MISMATCH: duplex mismatch discovered on Ethernet0/0 (not full duplex), with R1 FastEthernet0/0.10 (full duplex).
DLS1#
*Nov 11 21:32:50.923: %CDP-4-DUPLEX_MISMATCH: duplex mismatch discovered on Ethernet0/0 (not full duplex), with R1 FastEthernet0/0 (full duplex).
DLS1#
*Nov 11 21:33:29.943: %CDP-4-DUPLEX_MISMATCH: duplex mismatch discovered on Ethernet0/0 (not full duplex), with R1 FastEthernet0/0.10 (full duplex).
DLS1#
*Nov 11 21:33:50.935: %CDP-4-DUPLEX_MISMATCH: duplex mismatch discovered on Ethernet0/0 (not full duplex), with R1 FastEthernet0/0 (full duplex).
DLS1#
*Nov 11 21:34:50.924: %CDP-4-DUPLEX_MISMATCH: duplex mismatch discovered on Ethernet0/0 (not full duplex), with R1 FastEthernet0/0 (full duplex).
DLS1#
*Nov 11 21:35:50.930: %CDP-4-DUPLEX_MISMATCH: duplex mismatch discovered on Ethernet0/0 (not full duplex), with R1 FastEthernet0/0 (full duplex).
DLS1#
*Nov 11 21:36:50.941: %CDP-4-DUPLEX_MISMATCH: duplex mismatch discovered on Ethernet0/0 (not full duplex), with R1 FastEthernet0/0 (full duplex).
DLS1#
*Nov 11 21:37:50.971: %CDP-4-DUPLEX_MISMATCH: duplex mismatch discovered on Ethernet0/0 (not full duplex), with R1 FastEthernet0/0 (full duplex).
DLS1#
*Nov 11 21:38:50.990: %CDP-4-DUPLEX_MISMATCH: duplex mismatch discovered on Ethernet0/0 (not full duplex), with R1 FastEthernet0/0 (full duplex).
DLS1#
*Nov 11 21:39:50.985: %CDP-4-DUPLEX_MISMATCH: duplex mismatch discovered on Ethernet0/0 (not full duplex), with R1 FastEthernet0/0 (full duplex).
DLS1#
*Nov 11 21:40:50.987: %CDP-4-DUPLEX_MISMATCH: duplex mismatch discovered on Ethernet0/0 (not full duplex), with R1 FastEthernet0/0 (full duplex).
DLS1#
*Nov 11 21:41:50.990: %CDP-4-DUPLEX_MISMATCH: duplex mismatch discovered on Ethernet0/0 (not full duplex), with R1 FastEthernet0/0 (full duplex).
DLS1#
*Nov 11 21:42:50.996: %CDP-4-DUPLEX_MISMATCH: duplex mismatch discovered on Ethernet0/0 (not full duplex), with R1 FastEthernet0/0 (full duplex).
DLS1#
*Nov 11 21:43:51.008: %CDP-4-DUPLEX_MISMATCH: duplex mismatch discovered on Ethernet0/0 (not full duplex), with R1 FastEthernet0/0 (full duplex).
DLS1#
*Nov 11 21:44:50.873: %CDP-4-DUPLEX_MISMATCH: duplex mismatch discovered on Ethernet0/0 (not full duplex), with R1 FastEthernet0/0 (full duplex).
DLS1#
*Nov 11 21:45:50.928: %CDP-4-DUPLEX_MISMATCH: duplex mismatch discovered on Ethernet0/0 (not full duplex), with R1 FastEthernet0/0 (full duplex).
DLS1#
*Nov 11 21:46:50.972: %CDP-4-DUPLEX_MISMATCH: duplex mismatch discovered on Ethernet0/0 (not full duplex), with R1 FastEthernet0/0 (full duplex).
DLS1#
*Nov 11 21:47:50.987: %CDP-4-DUPLEX_MISMATCH: duplex mismatch discovered on Ethernet0/0 (not full duplex), with R1 FastEthernet0/0 (full duplex).
DLS1#
*Nov 11 21:48:51.004: %CDP-4-DUPLEX_MISMATCH: duplex mismatch discovered on Ethernet0/0 (not full duplex), with R1 FastEthernet0/0 (full duplex).
DLS1#
*Nov 11 21:49:51.021: %CDP-4-DUPLEX_MISMATCH: duplex mismatch discovered on Ethernet0/0 (not full duplex), with R1 FastEthernet0/0 (full duplex).
DLS1#
*Nov 11 21:50:51.034: %CDP-4-DUPLEX_MISMATCH: duplex mismatch discovered on Ethernet0/0 (not full duplex), with R1 FastEthernet0/0 (full duplex).
DLS1#
*Nov 11 21:51:51.001: %CDP-4-DUPLEX_MISMATCH: duplex mismatch discovered on Ethernet0/0 (not full duplex), with R1 FastEthernet0/0 (full duplex).
DLS1#
*Nov 11 21:52:51.009: %CDP-4-DUPLEX_MISMATCH: duplex mismatch discovered on Ethernet0/0 (not full duplex), with R1 FastEthernet0/0 (full duplex).
DLS1#
*Nov 11 21:53:51.000: %CDP-4-DUPLEX_MISMATCH: duplex mismatch discovered on Ethernet0/0 (not full duplex), with R1 FastEthernet0/0 (full duplex).
DLS1#
*Nov 11 21:54:51.002: %CDP-4-DUPLEX_MISMATCH: duplex mismatch discovered on Ethernet0/0 (not full duplex), with R1 FastEthernet0/0 (full duplex).
DLS1#
*Nov 11 21:55:51.005: %CDP-4-DUPLEX_MISMATCH: duplex mismatch discovered on Ethernet0/0 (not full duplex), with R1 FastEthernet0/0 (full duplex).
DLS1#
*Nov 11 21:56:51.020: %CDP-4-DUPLEX_MISMATCH: duplex mismatch discovered on Ethernet0/0 (not full duplex), with R1 FastEthernet0/0 (full duplex).
DLS1#
*Nov 11 21:57:51.045: %CDP-4-DUPLEX_MISMATCH: duplex mismatch discovered on Ethernet0/0 (not full duplex), with R1 FastEthernet0/0 (full duplex).
DLS1#
*Nov 11 21:58:51.049: %CDP-4-DUPLEX_MISMATCH: duplex mismatch discovered on Ethernet0/0 (not full duplex), with R1 FastEthernet0/0 (full duplex).
DLS1#
*Nov 11 21:59:51.045: %CDP-4-DUPLEX_MISMATCH: duplex mismatch discovered on Ethernet0/0 (not full duplex), with R1 FastEthernet0/0 (full duplex).
DLS1#
*Nov 11 22:00:51.061: %CDP-4-DUPLEX_MISMATCH: duplex mismatch discovered on Ethernet0/0 (not full duplex), with R1 FastEthernet0/0 (full duplex).
DLS1#
*Nov 11 22:01:51.045: %CDP-4-DUPLEX_MISMATCH: duplex mismatch discovered on Ethernet0/0 (not full duplex), with R1 FastEthernet0/0 (full duplex).
DLS1#
*Nov 11 22:02:51.039: %CDP-4-DUPLEX_MISMATCH: duplex mismatch discovered on Ethernet0/0 (not full duplex), with R1 FastEthernet0/0 (full duplex).
DLS1#
*Nov 11 22:03:51.046: %CDP-4-DUPLEX_MISMATCH: duplex mismatch discovered on Ethernet0/0 (not full duplex), with R1 FastEthernet0/0 (full duplex).
DLS1#
*Nov 11 22:04:51.038: %CDP-4-DUPLEX_MISMATCH: duplex mismatch discovered on Ethernet0/0 (not full duplex), with R1 FastEthernet0/0 (full duplex).
DLS1#
*Nov 11 22:05:51.039: %CDP-4-DUPLEX_MISMATCH: duplex mismatch discovered on Ethernet0/0 (not full duplex), with R1 FastEthernet0/0 (full duplex).
DLS1#
*Nov 11 22:06:51.031: %CDP-4-DUPLEX_MISMATCH: duplex mismatch discovered on Ethernet0/0 (not full duplex), with R1 FastEthernet0/0 (full duplex).
DLS1#
*Nov 11 22:07:51.036: %CDP-4-DUPLEX_MISMATCH: duplex mismatch discovered on Ethernet0/0 (not full duplex), with R1 FastEthernet0/0 (full duplex).
DLS1#
*Nov 11 22:08:51.039: %CDP-4-DUPLEX_MISMATCH: duplex mismatch discovered on Ethernet0/0 (not full duplex), with R1 FastEthernet0/0 (full duplex).
DLS1#
*Nov 11 22:09:51.052: %CDP-4-DUPLEX_MISMATCH: duplex mismatch discovered on Ethernet0/0 (not full duplex), with R1 FastEthernet0/0 (full duplex).
DLS1#
*Nov 11 22:10:51.046: %CDP-4-DUPLEX_MISMATCH: duplex mismatch discovered on Ethernet0/0 (not full duplex), with R1 FastEthernet0/0 (full duplex).
DLS1#
*Nov 11 22:11:51.057: %CDP-4-DUPLEX_MISMATCH: duplex mismatch discovered on Ethernet0/0 (not full duplex), with R1 FastEthernet0/0 (full duplex).
DLS1#
*Nov 11 22:12:51.075: %CDP-4-DUPLEX_MISMATCH: duplex mismatch discovered on Ethernet0/0 (not full duplex), with R1 FastEthernet0/0 (full duplex).
DLS1#
*Nov 11 22:13:51.069: %CDP-4-DUPLEX_MISMATCH: duplex mismatch discovered on Ethernet0/0 (not full duplex), with R1 FastEthernet0/0 (full duplex).
DLS1#
*Nov 11 22:14:51.084: %CDP-4-DUPLEX_MISMATCH: duplex mismatch discovered on Ethernet0/0 (not full duplex), with R1 FastEthernet0/0 (full duplex).
DLS1#
*Nov 11 22:15:51.085: %CDP-4-DUPLEX_MISMATCH: duplex mismatch discovered on Ethernet0/0 (not full duplex), with R1 FastEthernet0/0 (full duplex).
DLS1#
*Nov 11 22:16:51.094: %CDP-4-DUPLEX_MISMATCH: duplex mismatch discovered on Ethernet0/0 (not full duplex), with R1 FastEthernet0/0 (full duplex).
DLS1#
*Nov 11 22:17:51.094: %CDP-4-DUPLEX_MISMATCH: duplex mismatch discovered on Ethernet0/0 (not full duplex), with R1 FastEthernet0/0 (full duplex).
DLS1#
*Nov 11 22:18:51.100: %CDP-4-DUPLEX_MISMATCH: duplex mismatch discovered on Ethernet0/0 (not full duplex), with R1 FastEthernet0/0 (full duplex).
DLS1#
*Nov 11 22:19:51.106: %CDP-4-DUPLEX_MISMATCH: duplex mismatch discovered on Ethernet0/0 (not full duplex), with R1 FastEthernet0/0 (full duplex).
DLS1#
*Nov 11 22:20:51.103: %CDP-4-DUPLEX_MISMATCH: duplex mismatch discovered on Ethernet0/0 (not full duplex), with R1 FastEthernet0/0 (full duplex).
DLS1#
*Nov 11 22:21:50.824: %CDP-4-DUPLEX_MISMATCH: duplex mismatch discovered on Ethernet0/0 (not full duplex), with R1 FastEthernet0/0 (full duplex).
DLS1#Show run | exclude
*Nov 11 22:22:50.940: %CDP-4-DUPLEX_MISMATCH: duplex mismatch discovered on Ethernet0/0 (not full duplex), with R1 FastEthernet0/0 (full duplex).
DLS1#Show run | exclude !
Building configuration...

Current configuration : 1889 bytes
version 15.2
service timestamps debug datetime msec
service timestamps log datetime msec
no service password-encryption
service compress-config
hostname DLS1
boot-start-marker
boot-end-marker
logging discriminator EXCESS severity drops 6 msg-body drops EXCESSCOLL
logging buffered 50000
logging console discriminator EXCESS
enable secret 5 $1$yIW0$1blec5lIT6e/UjzD5BfPr.
no aaa new-model
no ip icmp rate-limit unreachable
no ip domain-lookup
ip cef
no ipv6 cef
spanning-tree mode rapid-pvst
spanning-tree extend system-id
vlan internal allocation policy ascending
ip tcp synwait-time 5
interface Port-channel1
 switchport trunk encapsulation dot1q
 switchport mode trunk
interface Ethernet0/0
 switchport trunk encapsulation dot1q
 switchport mode trunk
interface Ethernet0/1
 switchport trunk encapsulation dot1q
 switchport mode trunk
 channel-group 1 mode active
interface Ethernet0/2
 switchport trunk encapsulation dot1q
 switchport mode trunk
 channel-group 1 mode active
interface Ethernet0/3
interface Ethernet1/0
interface Ethernet1/1
interface Ethernet1/2
interface Ethernet1/3
interface Ethernet2/0
interface Ethernet2/1
interface Ethernet2/2
interface Ethernet2/3
interface Ethernet3/0
interface Ethernet3/1
interface Ethernet3/2
interface Ethernet3/3
 switchport access vlan 10
 switchport trunk encapsulation dot1q
 switchport mode access
 spanning-tree portfast edge
interface Vlan1
 no ip address
 shutdown
interface Vlan99
 ip address 10.1.99.3 255.255.255.0
ip forward-protocol nd
no ip http server
no ip http secure-server
control-plane
line con 0
 exec-timeout 0 0
 privilege level 15
 logging synchronous
line aux 0
 exec-timeout 0 0
 privilege level 15
 logging synchronous
end

DLS1#
DLS1#
*Nov 11 22:23:51.028: %CDP-4-DUPLEX_MISMATCH: duplex mismatch discovered on Ethernet0/0 (not full duplex), with R1 FastEthernet0/0 (full duplex).
DLS1#
*Nov 11 22:24:51.054: %CDP-4-DUPLEX_MISMATCH: duplex mismatch discovered on Ethernet0/0 (not full duplex), with R1 FastEthernet0/0 (full duplex).
DLS1#
*Nov 11 22:25:51.078: %CDP-4-DUPLEX_MISMATCH: duplex mismatch discovered on Ethernet0/0 (not full duplex), with R1 FastEthernet0/0 (full duplex).
DLS1#
*Nov 11 22:26:51.064: %CDP-4-DUPLEX_MISMATCH: duplex mismatch discovered on Ethernet0/0 (not full duplex), with R1 FastEthernet0/0 (full duplex).
DLS1#
