Connected to Dynamips VM "R2" (ID 2, type c3600) - Console port
Press ENTER to get the prompt.
changed state to down
*Mar  1 00:00:10.539: %LINEPROTO-5-UPDOWN: Line protocol on Interface Serial0/3, changed state to down
*Mar  1 00:00:10.539: %LINEPROTO-5-UPDOWN: Line protocol on Interface FastEthernet2/0, changed state to down
*Mar  1 00:00:10.543: %LINEPROTO-5-UPDOWN: Line protocol on Interface Ethernet3/0, changed state to down
*Mar  1 00:00:10.543: %LINEPROTO-5-UPDOWN: Line protocol on Interface Ethernet3/1, changed state to down
*Mar  1 00:00:10.543: %LINEPROTO-5-UPDOWN: Line protocol on Interface Ethernet3/2, changed state to down
*Mar  1 00:00:10.547: %LINEPROTO-5-UPDOWN: Line protocol on Interface Ethernet3/3, changed state to down
*Mar  1 00:00:11.515: %LINK-5-CHANGED: Interface Serial0/0, changed state to administratively down
*Mar  1 00:00:11.531: %LINK-5-CHANGED: Interface Serial0/1, changed state to administratively down
*Mar  1 00:00:11.535: %LINK-5-CHANGED: Interface Serial0/2, changed state to administratively down
*Mar  1 00:00:11.535: %LINK-5-CHANGED: Interface Serial0/3, changed state to administratively down
*Mar  1 00:00:11.539: %LINK-5-CHANGED: Interface FastEthernet2/0, changed state to administratively down
*Mar  1 00:00:11.539: %LINK-5-CHANGED: Interface Ethernet3/0, changed state to administratively down
*Mar  1 00:00:11.543: %LINK-5-CHANGED: Interface Ethernet3/1, changed state to administratively down
*Mar  1 00:00:11.547: %LINK-5-CHANGED: Interface Ethernet3/2, changed state to administratively down
*Mar  1 00:00:11.551: %LINK-5-CHANGED: Interface Ethernet3/3, changed state to administratively down
*Mar  1 00:00:11.567: %LINK-3-UPDOWN: Interface FastEthernet1/15, changed state to up
*Mar  1 00:00:11.567: %LINK-3-UPDOWN: Interface FastEthernet1/14, changed state to up
*Mar  1 00:00:11.571: %LINK-3-UPDOWN: Interface FastEthernet1/13, changed state to up
*Mar  1 00:00:11.571: %LINK-3-UPDOWN: Interface FastEthernet1/12, changed state to up
*Mar  1 00:00:11.571: %LINK-3-UPDOWN: Interface FastEthernet1/11, changed state to up
*Mar  1 00:00:11.571: %LINK-3-UPDOWN: Interface FastEthernet1/10, changed state to up
*Mar  1 00:00:11.571: %LINK-3-UPDOWN: Interface FastEthernet1/9, changed state to up
*Mar  1 00:00:11.571: %LINK-3-UPDOWN: Interface FastEthernet1/8, changed state to up
*Mar  1 00:00:11.571: %LINK-3-UPDOWN: Interface FastEthernet1/7, changed state to up
*Mar  1 00:00:11.571: %LINK-3-UPDOWN: Interface FastEthernet1/6, changed state to up
*Mar  1 00:00:11.571: %LINK-3-UPDOWN: Interface FastEthernet1/5, changed state to up
*Mar  1 00:00:11.571: %LINK-3-UPDOWN: Interface FastEthernet1/4, changed state to up
*Mar  1 00:00:11.571: %LINK-3-UPDOWN: Interface FastEthernet1/3, changed state to up
*Mar  1 00:00:11.571: %LINK-3-UPDOWN: Interface FastEthernet1/2, changed state to up
*Mar  1 00:00:11.571: %LINK-3-UPDOWN: Interface FastEthernet1/1, changed state to up
*Mar  1 00:00:11.571: %LINK-3-UPDOWN: Interface FastEthernet1/0, changed state to up
*Mar  1 00:00:12.567: %LINEPROTO-5-UPDOWN: Line protocol on Interface FastEthernet1/15, changed state to down
*Mar  1 00:00:12.567: %LINEPROTO-5-UPDOWN: Line protocol on Interface FastEthernet1/14, changed state to down
*Mar  1 00:00:12.571: %LINEPROTO-5-UPDOWN: Line protocol on Interface FastEthernet1/13, changed state to down
*Mar  1 00:00:12.571: %LINEPROTO-5-UPDOWN: Line protocol on Interface FastEthernet1/12, changed state to down
*Mar  1 00:00:12.571: %LINEPROTO-5-UPDOWN: Line protocol on Interface FastEthernet1/11, changed state to down
*Mar  1 00:00:12.575: %LINEPROTO-5-UPDOWN: Line protocol on Interface FastEthernet1/10, changed state to down
*Mar  1 00:00:12.575: %LINEPROTO-5-UPDOWN: Line protocol on Interface FastEthernet1/9, changed state to down
*Mar  1 00:00:12.579: %LINEPROTO-5-UPDOWN: Line protocol on Interface FastEthernet1/8, changed state to down
*Mar  1 00:00:12.579: %LINEPROTO-5-UPDOWN: Line protocol on Interface FastEthernet1/7, changed state to down
*Mar  1 00:00:12.579: %LINEPROTO-5-UPDOWN: Line protocol on Interface FastEthernet1/6, changed state to down
R2#
R2#
R2#
R2#
R2#
R2#
R2#
R2#EN
R2#
R2#
R2#
R2#config
Configuring from terminal, memory, or network [terminal]?
Enter configuration commands, one per line.  End with CNTL/Z.
R2(config)#enable secret class
R2(config)#
R2(config)#line con 0
R2(config-line)#
R2(config-line)#line vty 0 4
R2(config-line)#no line vty 0 4
% Can't delete last 5 VTY lines
R2(config)#line con 0
R2(config-line)#logging sy
R2(config-line)#logging synchronous
R2(config-line)#line vty 0 4
R2(config-line)#passw
R2(config-line)#password cisco
R2(config-line)#login
R2(config-line)#ex
% Ambiguous command:  "ex"
R2(config-line)#exi
R2(config)#inter
R2(config)#interface loop
R2(config)#interface loopback 0
R2(config-if)#
R2(config-if)#
*Mar  1 04:56:29.014: %LINEPROTO-5-UPDOWN: Line protocol on Interface Loopback0, changed state to up
R2(config-if)#ip addr
R2(config-if)#ip address
R2(config-if)#ip address 10.1.202.1 255.255.255.255
R2(config-if)#no shutdo
R2(config-if)#ex
R2(config)#
R2(config)#show ip eigrp neighbor
             ^
% Invalid input detected at '^' marker.

R2(config)#Show ip eigrp neighbor
             ^
% Invalid input detected at '^' marker.

R2(config)#Sh ip eigrp neighbor
             ^
% Invalid input detected at '^' marker.

R2(config)# Sh ip eigrp neighbor
              ^
% Invalid input detected at '^' marker.

R2(config)# Sh ip eigrp neighbors
              ^
% Invalid input detected at '^' marker.

R2(config)#end
R2#
*Mar  1 05:07:57.066: %SYS-5-CONFIG_I: Configured from console by console
R2#
R2#
R2#
R2#show run brief | exclude 1
Building configuration...

!
service timestamps debug datetime msec
service timestamps log datetime msec
no service password-encryption
!
hostname R2
!
boot-start-marker
boot-end-marker
!
!
no aaa new-model
memory-size iomem 5
no ip icmp rate-limit unreachable
!
!
ip cef
no ip domain lookup
!
!
!
!
!
!
!
!
!
!
!
!
!
!
!
!
ip tcp synwait-time 5
!
!
!
interface Loopback0
!
interface Serial0/0
 no ip address
 shutdown
 serial restart-delay 0
!
 no ip address
 shutdown
 serial restart-delay 0
!
interface Serial0/2
 no ip address
 shutdown
 serial restart-delay 0
!
interface Serial0/3
 no ip address
 shutdown
 serial restart-delay 0
!
!
!
!
!
!
!
!
!
!
!
!
!
!
!
!
!
interface FastEthernet2/0
 no ip address
 shutdown
 duplex auto
 speed auto
!
interface Ethernet3/0
 no ip address
 shutdown
 half-duplex
!
 no ip address
 shutdown
 half-duplex
!
interface Ethernet3/2
 no ip address
 shutdown
 half-duplex
!
interface Ethernet3/3
 no ip address
 shutdown
 half-duplex
!
 no ip address
!
no ip http server
ip forward-protocol nd
!
!
!
no cdp log mismatch duplex
!
!
!
control-plane
!
!
!
!
!
!
!
!
!
gatekeeper
 shutdown
!
!
line con 0
 exec-timeout 0 0
 logging synchronous
line aux 0
 exec-timeout 0 0
 logging synchronous
line vty 0 4
 password cisco
 login
!
!
end

R2#
R2#
R2#
R2#Connected to Dynamips VM "R2" (ID 2, type c3600) - Console port
Press ENTER to get the prompt.
up                    down
FastEthernet2/0            unassigned      YES unset  administratively down down
Ethernet3/0                unassigned      YES unset  administratively down down
Ethernet3/1                unassigned      YES unset  administratively down down
Ethernet3/2                unassigned      YES unset  administratively down down
Ethernet3/3                unassigned      YES unset  administratively down down
Vlan1                      unassigned      YES unset  up                    down
Loopback0                  10.1.202.1      YES manual up                    up  
R2#
R2#
R2#
R2#
R2#en
R2#config ter
Enter configuration commands, one per line.  End with CNTL/Z.
R2(config)#
R2(config)#
R2(config)#
R2(config)#inter
R2(config)#interface s0/2
R2(config-if)#ip address 10.1.1.2 255.255.255.252
R2(config-if)#do wr
Building configuration...
[OK]
R2(config-if)#
R2(config-if)#end
R2#
R2#
R2#
R2#
*Mar  1 07:23:12.318: %SYS-5-CONFIG_I: Configured from console by console
R2#
R2#
R2#
R2#
R2#show ip int brief
Interface                  IP-Address      OK? Method Status                Protocol
Serial0/0                  unassigned      YES unset  administratively down down
Serial0/1                  unassigned      YES unset  administratively down down
Serial0/2                  10.1.1.2        YES manual up                    up  
Serial0/3                  10.1.1.5        YES manual up                    up  
FastEthernet1/0            unassigned      YES unset  up                    down
FastEthernet1/1            unassigned      YES unset  up                    down
FastEthernet1/2            unassigned      YES unset  up                    down
FastEthernet1/3            unassigned      YES unset  up                    down
FastEthernet1/4            unassigned      YES unset  up                    down
FastEthernet1/5            unassigned      YES unset  up                    down
FastEthernet1/6            unassigned      YES unset  up                    down
FastEthernet1/7            unassigned      YES unset  up                    down
FastEthernet1/8            unassigned      YES unset  up                    down
FastEthernet1/9            unassigned      YES unset  up                    down
FastEthernet1/10           unassigned      YES unset  up                    down
FastEthernet1/11           unassigned      YES unset  up                    down
FastEthernet1/12           unassigned      YES unset  up                    down
FastEthernet1/13           unassigned      YES unset  up                    down
FastEthernet1/14           unassigned      YES unset  up                    down
FastEthernet1/15           unassigned      YES unset  up                    down
FastEthernet2/0            unassigned      YES unset  administratively down down
Ethernet3/0                unassigned      YES unset  administratively down down
Ethernet3/1                unassigned      YES unset  administratively down down
Ethernet3/2                unassigned      YES unset  administratively down down
Ethernet3/3                unassigned      YES unset  administratively down down
Vlan1                      unassigned      YES unset  up                    down
Loopback0                  10.1.202.1      YES manual up                    up  
R2#
R2#
R2#
R2#
R2#
R2#
R2#
R2#
R2#
R2#
R2#
R2#
R2#
R2#
R2#
R2#
R2#
R2#
R2#
R2#
R2#
R2#
R2#
R2#
R2#
R2#
R2#
R2#
*Mar  1 07:30:07.754: %LINEPROTO-5-UPDOWN: Line protocol on Interface Serial0/2, changed state to down
R2#
*Mar  1 07:30:17.754: %LINEPROTO-5-UPDOWN: Line protocol on Interface Serial0/2, changed state to up
R2#

R2#
R2#
R2#
R2#
R2#
R2#
R2#
R2#confi
Configuring from terminal, memory, or network [terminal]?
Enter configuration commands, one per line.  End with CNTL/Z.
R2(config)#
R2(config)#inter
R2(config)#interface s0/2
R2(config-if)#ip dhcp po
R2(config-if)#ip dhcp poo
R2(config-if)#ip dhcp pool DHCPLANPOOL
R2(dhcp-config)#NETWOEK 10.1.1.0 255.255.255.0
                     ^
% Invalid input detected at '^' marker.

R2(dhcp-config)#NETWORK 10.1.1.0 255.255.255.0
R2(dhcp-config)#DEFA
R2(dhcp-config)#DEFAult-router 10.1.1.2
R2(dhcp-config)#no NETWORK 10.1.1.0 255.255.255.0
R2(dhcp-config)#no DEFAult-router 10.1.1.2
R2(dhcp-config)#NETWORK 10.1.10.0 255.255.255.0
R2(dhcp-config)#DEFAult-router 10.1.10.1
R2(dhcp-config)#dns
R2(dhcp-config)#dns-server 10.1.10.1
R2(dhcp-config)#do wr
R2(dhcp-config)#
R2(dhcp-config)#exit
R2(config)#ip dhc
R2(config)#ip dhcp exc
R2(config)#ip dhcp excluded-address 10.1.10.1
R2(config)#
R2(config)#do wr
Building configuration...
[OK]
R2(config)#
R2(config)#
R2(config)#
R2(config)#int
R2(config)#interface s0/3
R2(config-if)#ip ad
R2(config-if)#ip dh
R2(config-if)#ip dhcp po
R2(config-if)#ip dhcp pool DHCPLANPOOL
R2(dhcp-config)#net
R2(dhcp-config)#netw
R2(dhcp-config)#network 10.1.10.0 255.255.255.0
R2(dhcp-config)#def
R2(dhcp-config)#default-router 10.1.10.1
R2(dhcp-config)#dn
R2(dhcp-config)#dns-server 10.1.10.1
R2(dhcp-config)#do wr
R2(dhcp-config)#ex
R2(config)#ip dh
R2(config)#ip dhcp ex
R2(config)#ip dhcp excluded-address 10.1.10.1
R2(config)#
R2(config)#do wr
Building configuration...
[OK]
R2(config)#
R2(config)#
R2(config)#
R2(config)#EXI
R2#
R2#
R2#
R2#
R2#
R2#
R2#
R2#
R2#
R2#